// Jest Snapshot v1, https://goo.gl/fbAQLP

exports[`MoviesList renders correctly 1`] = `
<RCTScrollView
  data={
    Array [
      Object {
        "id": 578701,
        "overview": "Mock overview 1",
        "poster_path": "/nkayOAUBUu4mMvyNf9iHSUiPjF1.jpg",
        "title": "Mock title 1",
      },
      Object {
        "id": 578702,
        "overview": "Mock overview 1",
        "poster_path": "/iDdpiUnCeXvBmrkBFpL6lKsZt33.jpg",
        "title": "Mock title 1",
      },
    ]
  }
  disableVirtualization={false}
  getItem={[Function]}
  getItemCount={[Function]}
  horizontal={false}
  initialNumToRender={10}
  keyExtractor={[Function]}
  maxToRenderPerBatch={10}
  onContentSizeChange={[Function]}
  onEndReachedThreshold={2}
  onLayout={[Function]}
  onMomentumScrollEnd={[Function]}
  onScroll={[Function]}
  onScrollBeginDrag={[Function]}
  onScrollEndDrag={[Function]}
  removeClippedSubviews={false}
  renderItem={[Function]}
  scrollEventThrottle={50}
  stickyHeaderIndices={Array []}
  updateCellsBatchingPeriod={50}
  viewabilityConfigCallbackPairs={Array []}
  windowSize={21}
>
  <View>
    <View
      onLayout={[Function]}
      style={null}
    >
      <View>
        <Image
          source={
            Object {
              "uri": "https://image.tmdb.org/t/p/w500/nkayOAUBUu4mMvyNf9iHSUiPjF1.jpg",
            }
          }
          style={
            Object {
              "height": 100,
              "width": 100,
            }
          }
        />
        <Text>
          Mock title 1
        </Text>
        <Text>
          Mock overview 1
        </Text>
        <Text />
      </View>
    </View>
    <View
      onLayout={[Function]}
      style={null}
    >
      <View>
        <Image
          source={
            Object {
              "uri": "https://image.tmdb.org/t/p/w500/iDdpiUnCeXvBmrkBFpL6lKsZt33.jpg",
            }
          }
          style={
            Object {
              "height": 100,
              "width": 100,
            }
          }
        />
        <Text>
          Mock title 1
        </Text>
        <Text>
          Mock overview 1
        </Text>
        <Text />
      </View>
    </View>
  </View>
</RCTScrollView>
`;
